// Jest Snapshot v1, https://goo.gl/fbAQLP

exports[`matches snapshot 1`] = `
<DocumentFragment>
  <div>
    <h3>
      Todo List
    </h3>
    <form>
      <label
        for="todo"
      >
        Add Todo:
      </label>
      <input
        id="todo"
        name="todo"
        placeholder="Todo"
        type="text"
        value=""
      />
      <button>
        Submit
      </button>
    </form>
    <div
      class="todos"
    />
  </div>
</DocumentFragment>
`;
